146.103.99.172/32
188.225.31.67/32
192.168.0.0/24
192.168.8.0/24
217.12.104.100/32
185.179.146.25/32
178.248.233.91/32
91.215.43.65/32
213.59.253.7/32
213.59.254.7/32
178.248.232.88/32
87.250.250.22/32
195.208.66.236/32
109.238.88.243/32
178.130.128.27/32
178.248.236.160/32
87.240.137.164/32
87.240.129.133/32
87.240.132.72/32
87.240.132.67/32
87.240.132.78/32
93.186.225.194/32
195.242.83.13/32
195.242.82.13/32
185.65.148.196/32
185.73.194.82/32
185.73.193.68/32
178.248.232.80/32
185.62.202.2/32
5.255.255.242/32
77.88.55.242/32
77.88.44.242/32
77.88.55.88/32
77.88.44.55/32
5.255.255.77/32
46.17.203.41/32
46.17.206.11/32
81.26.180.191/32
195.222.161.176/32
213.87.210.20/32
213.87.74.5/32

www.ozon.ru
ozon.ru
api.ozon.ru
xapi.ozon.ru
p.ozon.ru
cdn1.ozonusercontent.com
cdn1.ozone.ru
cdn2.ozone.ru
s.ozone.ru
ir.ozone.ru
cdn-qa.ozonru.me
o3.ru
ozone.ru
ozonusercontent.com
ozonru.me

wildberries.ru
wbbasket.ru
wb.ru
wbstatic.net


basket-01.wbbasket.ru
basket-02.wbbasket.ru
basket-03.wbbasket.ru
basket-04.wbbasket.ru
basket-05.wbbasket.ru
basket-06.wbbasket.ru
basket-07.wbbasket.ru
basket-08.wbbasket.ru
basket-09.wbbasket.ru
basket-10.wbbasket.ru
basket-11.wbbasket.ru
basket-12.wbbasket.ru
basket-13.wbbasket.ru
basket-14.wbbasket.ru
basket-15.wbbasket.ru
basket-16.wbbasket.ru
basket-17.wbbasket.ru
basket-18.wbbasket.ru
basket-19.wbbasket.ru
basket-20.wbbasket.ru
basket-21.wbbasket.ru
basket-22.wbbasket.ru
basket-23.wbbasket.ru
basket-24.wbbasket.ru
basket-25.wbbasket.ru
basket-26.wbbasket.ru
basket-27.wbbasket.ru
basket-28.wbbasket.ru

static-basket-01.wbbasket.ru
static-basket-02.wbbasket.ru
static-basket-03.wbbasket.ru

basket-01.wb.ru
basket-02.wb.ru
basket-03.wb.ru
basket-04.wb.ru
basket-05.wb.ru
basket-06.wb.ru
basket-07.wb.ru
basket-08.wb.ru
basket-09.wb.ru
basket-10.wb.ru
basket-11.wb.ru
basket-12.wb.ru
basket-13.wb.ru
basket-14.wb.ru
basket-15.wb.ru
basket-16.wb.ru
basket-17.wb.ru
basket-18.wb.ru
basket-19.wb.ru
basket-20.wb.ru
basket-21.wb.ru
basket-22.wb.ru
basket-23.wb.ru
basket-24.wb.ru
basket-25.wb.ru
basket-26.wb.ru
basket-27.wb.ru
basket-28.wb.ru

static-basket-01.wb.ru
static-basket-02.wb.ru
static-basket-03.wb.ru

mow-basket-cdn-01.geobasket.ru
mow-basket-cdn-02.geobasket.ru
mow-basket-cdn-03.geobasket.ru
mow-basket-cdn-04.geobasket.ru
mow-basket-cdn-05.geobasket.ru
mow-basket-cdn-06.geobasket.ru
mow-basket-cdn-07.geobasket.ru
mow-basket-cdn-08.geobasket.ru
mow-basket-cdn-09.geobasket.ru
mow-basket-cdn-10.geobasket.ru
mow-basket-cdn-11.geobasket.ru
mow-basket-cdn-12.geobasket.ru
mow-basket-cdn-13.geobasket.ru
mow-basket-cdn-14.geobasket.ru
mow-basket-cdn-15.geobasket.ru
mow-basket-cdn-16.geobasket.ru
mow-basket-cdn-17.geobasket.ru
mow-basket-cdn-18.geobasket.ru
mow-basket-cdn-19.geobasket.ru
mow-basket-cdn-20.geobasket.ru
mow-basket-cdn-21.geobasket.ru
mow-basket-cdn-22.geobasket.ru
mow-basket-cdn-23.geobasket.ru
mow-basket-cdn-24.geobasket.ru
mow-basket-cdn-25.geobasket.ru
mow-basket-cdn-26.geobasket.ru
mow-basket-cdn-27.geobasket.ru
mow-basket-cdn-28.geobasket.ru
mow-basket-cdn-29.geobasket.ru
mow-basket-cdn-30.geobasket.ru
mow-basket-cdn-31.geobasket.ru
mow-basket-cdn-32.geobasket.ru
mow-basket-cdn-33.geobasket.ru
mow-basket-cdn-34.geobasket.ru
mow-basket-cdn-35.geobasket.ru
mow-basket-cdn-36.geobasket.ru
mow-basket-cdn-37.geobasket.ru
mow-basket-cdn-38.geobasket.ru
mow-basket-cdn-39.geobasket.ru
mow-basket-cdn-40.geobasket.ru
mow-basket-cdn-41.geobasket.ru
mow-basket-cdn-42.geobasket.ru
mow-basket-cdn-43.geobasket.ru
mow-basket-cdn-44.geobasket.ru
mow-basket-cdn-45.geobasket.ru
mow-basket-cdn-46.geobasket.ru
mow-basket-cdn-47.geobasket.ru
mow-basket-cdn-48.geobasket.ru
mow-basket-cdn-49.geobasket.ru
mow-basket-cdn-50.geobasket.ru
mow-basket-cdn-51.geobasket.ru
mow-basket-cdn-52.geobasket.ru
mow-basket-cdn-53.geobasket.ru
mow-basket-cdn-54.geobasket.ru
mow-basket-cdn-55.geobasket.ru
mow-basket-cdn-56.geobasket.ru
mow-basket-cdn-57.geobasket.ru
mow-basket-cdn-58.geobasket.ru
mow-basket-cdn-59.geobasket.ru
mow-basket-cdn-60.geobasket.ru
mow-basket-cdn-61.geobasket.ru
mow-basket-cdn-62.geobasket.ru
mow-basket-cdn-63.geobasket.ru
mow-basket-cdn-64.geobasket.ru
mow-basket-cdn-65.geobasket.ru
mow-basket-cdn-66.geobasket.ru
mow-basket-cdn-67.geobasket.ru
mow-basket-cdn-68.geobasket.ru
mow-basket-cdn-69.geobasket.ru
mow-basket-cdn-70.geobasket.ru
mow-basket-cdn-71.geobasket.ru
mow-basket-cdn-72.geobasket.ru
mow-basket-cdn-73.geobasket.ru
mow-basket-cdn-74.geobasket.ru
mow-basket-cdn-75.geobasket.ru
mow-basket-cdn-76.geobasket.ru
mow-basket-cdn-77.geobasket.ru
mow-basket-cdn-78.geobasket.ru
mow-basket-cdn-79.geobasket.ru
mow-basket-cdn-80.geobasket.ru
mow-basket-cdn-81.geobasket.ru
mow-basket-cdn-82.geobasket.ru
mow-basket-cdn-83.geobasket.ru
mow-basket-cdn-84.geobasket.ru
mow-basket-cdn-85.geobasket.ru
mow-basket-cdn-86.geobasket.ru
mow-basket-cdn-87.geobasket.ru
mow-basket-cdn-88.geobasket.ru
mow-basket-cdn-89.geobasket.ru
mow-basket-cdn-90.geobasket.ru
mow-basket-cdn-91.geobasket.ru
mow-basket-cdn-92.geobasket.ru
mow-basket-cdn-93.geobasket.ru
mow-basket-cdn-94.geobasket.ru
mow-basket-cdn-95.geobasket.ru
mow-basket-cdn-96.geobasket.ru
mow-basket-cdn-97.geobasket.ru
mow-basket-cdn-98.geobasket.ru
mow-basket-cdn-99.geobasket.ru
mow-basket-cdn-100.geobasket.ru
spb-basket-cdn-01.geobasket.ru
spb-basket-cdn-02.geobasket.ru
spb-basket-cdn-03.geobasket.ru
spb-basket-cdn-04.geobasket.ru
spb-basket-cdn-05.geobasket.ru
spb-basket-cdn-06.geobasket.ru
spb-basket-cdn-07.geobasket.ru
spb-basket-cdn-08.geobasket.ru
spb-basket-cdn-09.geobasket.ru
spb-basket-cdn-10.geobasket.ru
spb-basket-cdn-11.geobasket.ru
spb-basket-cdn-12.geobasket.ru
spb-basket-cdn-13.geobasket.ru
spb-basket-cdn-14.geobasket.ru
spb-basket-cdn-15.geobasket.ru
spb-basket-cdn-16.geobasket.ru
spb-basket-cdn-17.geobasket.ru
spb-basket-cdn-18.geobasket.ru
spb-basket-cdn-19.geobasket.ru
spb-basket-cdn-20.geobasket.ru
spb-basket-cdn-21.geobasket.ru
spb-basket-cdn-22.geobasket.ru
spb-basket-cdn-23.geobasket.ru
spb-basket-cdn-24.geobasket.ru
spb-basket-cdn-25.geobasket.ru
spb-basket-cdn-26.geobasket.ru
spb-basket-cdn-27.geobasket.ru
spb-basket-cdn-28.geobasket.ru
spb-basket-cdn-29.geobasket.ru
spb-basket-cdn-30.geobasket.ru
spb-basket-cdn-31.geobasket.ru
spb-basket-cdn-32.geobasket.ru
spb-basket-cdn-33.geobasket.ru
spb-basket-cdn-34.geobasket.ru
spb-basket-cdn-35.geobasket.ru
spb-basket-cdn-36.geobasket.ru
spb-basket-cdn-37.geobasket.ru
spb-basket-cdn-38.geobasket.ru
spb-basket-cdn-39.geobasket.ru
spb-basket-cdn-40.geobasket.ru
spb-basket-cdn-41.geobasket.ru
spb-basket-cdn-42.geobasket.ru
spb-basket-cdn-43.geobasket.ru
spb-basket-cdn-44.geobasket.ru
spb-basket-cdn-45.geobasket.ru
spb-basket-cdn-46.geobasket.ru
spb-basket-cdn-47.geobasket.ru
spb-basket-cdn-48.geobasket.ru
spb-basket-cdn-49.geobasket.ru
spb-basket-cdn-50.geobasket.ru
spb-basket-cdn-51.geobasket.ru
spb-basket-cdn-52.geobasket.ru
spb-basket-cdn-53.geobasket.ru
spb-basket-cdn-54.geobasket.ru
spb-basket-cdn-55.geobasket.ru
spb-basket-cdn-56.geobasket.ru
spb-basket-cdn-57.geobasket.ru
spb-basket-cdn-58.geobasket.ru
spb-basket-cdn-59.geobasket.ru
spb-basket-cdn-60.geobasket.ru
spb-basket-cdn-61.geobasket.ru
spb-basket-cdn-62.geobasket.ru
spb-basket-cdn-63.geobasket.ru
spb-basket-cdn-64.geobasket.ru
spb-basket-cdn-65.geobasket.ru
spb-basket-cdn-66.geobasket.ru
spb-basket-cdn-67.geobasket.ru
spb-basket-cdn-68.geobasket.ru
spb-basket-cdn-69.geobasket.ru
spb-basket-cdn-70.geobasket.ru
spb-basket-cdn-71.geobasket.ru
spb-basket-cdn-72.geobasket.ru
spb-basket-cdn-73.geobasket.ru
spb-basket-cdn-74.geobasket.ru
spb-basket-cdn-75.geobasket.ru
spb-basket-cdn-76.geobasket.ru
spb-basket-cdn-77.geobasket.ru
spb-basket-cdn-78.geobasket.ru
spb-basket-cdn-79.geobasket.ru
spb-basket-cdn-80.geobasket.ru
spb-basket-cdn-81.geobasket.ru
spb-basket-cdn-82.geobasket.ru
spb-basket-cdn-83.geobasket.ru
spb-basket-cdn-84.geobasket.ru
spb-basket-cdn-85.geobasket.ru
spb-basket-cdn-86.geobasket.ru
spb-basket-cdn-87.geobasket.ru
spb-basket-cdn-88.geobasket.ru
spb-basket-cdn-89.geobasket.ru
spb-basket-cdn-90.geobasket.ru
spb-basket-cdn-91.geobasket.ru
spb-basket-cdn-92.geobasket.ru
spb-basket-cdn-93.geobasket.ru
spb-basket-cdn-94.geobasket.ru
spb-basket-cdn-95.geobasket.ru
spb-basket-cdn-96.geobasket.ru
spb-basket-cdn-97.geobasket.ru
spb-basket-cdn-98.geobasket.ru
spb-basket-cdn-99.geobasket.ru
spb-basket-cdn-100.geobasket.ru
nsk-basket-cdn-01.geobasket.ru
nsk-basket-cdn-02.geobasket.ru
nsk-basket-cdn-03.geobasket.ru
nsk-basket-cdn-04.geobasket.ru
nsk-basket-cdn-05.geobasket.ru
nsk-basket-cdn-06.geobasket.ru
nsk-basket-cdn-07.geobasket.ru
nsk-basket-cdn-08.geobasket.ru
nsk-basket-cdn-09.geobasket.ru
nsk-basket-cdn-10.geobasket.ru
nsk-basket-cdn-11.geobasket.ru
nsk-basket-cdn-12.geobasket.ru
nsk-basket-cdn-13.geobasket.ru
nsk-basket-cdn-14.geobasket.ru
nsk-basket-cdn-15.geobasket.ru
nsk-basket-cdn-16.geobasket.ru
nsk-basket-cdn-17.geobasket.ru
nsk-basket-cdn-18.geobasket.ru
nsk-basket-cdn-19.geobasket.ru
nsk-basket-cdn-20.geobasket.ru
nsk-basket-cdn-21.geobasket.ru
nsk-basket-cdn-22.geobasket.ru
nsk-basket-cdn-23.geobasket.ru
nsk-basket-cdn-24.geobasket.ru
nsk-basket-cdn-25.geobasket.ru
nsk-basket-cdn-26.geobasket.ru
nsk-basket-cdn-27.geobasket.ru
nsk-basket-cdn-28.geobasket.ru
nsk-basket-cdn-29.geobasket.ru
nsk-basket-cdn-30.geobasket.ru
nsk-basket-cdn-31.geobasket.ru
nsk-basket-cdn-32.geobasket.ru
nsk-basket-cdn-33.geobasket.ru
nsk-basket-cdn-34.geobasket.ru
nsk-basket-cdn-35.geobasket.ru
nsk-basket-cdn-36.geobasket.ru
nsk-basket-cdn-37.geobasket.ru
nsk-basket-cdn-38.geobasket.ru
nsk-basket-cdn-39.geobasket.ru
nsk-basket-cdn-40.geobasket.ru
nsk-basket-cdn-41.geobasket.ru
nsk-basket-cdn-42.geobasket.ru
nsk-basket-cdn-43.geobasket.ru
nsk-basket-cdn-44.geobasket.ru
nsk-basket-cdn-45.geobasket.ru
nsk-basket-cdn-46.geobasket.ru
nsk-basket-cdn-47.geobasket.ru
nsk-basket-cdn-48.geobasket.ru
nsk-basket-cdn-49.geobasket.ru
nsk-basket-cdn-50.geobasket.ru
nsk-basket-cdn-51.geobasket.ru
nsk-basket-cdn-52.geobasket.ru
nsk-basket-cdn-53.geobasket.ru
nsk-basket-cdn-54.geobasket.ru
nsk-basket-cdn-55.geobasket.ru
nsk-basket-cdn-56.geobasket.ru
nsk-basket-cdn-57.geobasket.ru
nsk-basket-cdn-58.geobasket.ru
nsk-basket-cdn-59.geobasket.ru
nsk-basket-cdn-60.geobasket.ru
nsk-basket-cdn-61.geobasket.ru
nsk-basket-cdn-62.geobasket.ru
nsk-basket-cdn-63.geobasket.ru
nsk-basket-cdn-64.geobasket.ru
nsk-basket-cdn-65.geobasket.ru
nsk-basket-cdn-66.geobasket.ru
nsk-basket-cdn-67.geobasket.ru
nsk-basket-cdn-68.geobasket.ru
nsk-basket-cdn-69.geobasket.ru
nsk-basket-cdn-70.geobasket.ru
nsk-basket-cdn-71.geobasket.ru
nsk-basket-cdn-72.geobasket.ru
nsk-basket-cdn-73.geobasket.ru
nsk-basket-cdn-74.geobasket.ru
nsk-basket-cdn-75.geobasket.ru
nsk-basket-cdn-76.geobasket.ru
nsk-basket-cdn-77.geobasket.ru
nsk-basket-cdn-78.geobasket.ru
nsk-basket-cdn-79.geobasket.ru
nsk-basket-cdn-80.geobasket.ru
nsk-basket-cdn-81.geobasket.ru
nsk-basket-cdn-82.geobasket.ru
nsk-basket-cdn-83.geobasket.ru
nsk-basket-cdn-84.geobasket.ru
nsk-basket-cdn-85.geobasket.ru
nsk-basket-cdn-86.geobasket.ru
nsk-basket-cdn-87.geobasket.ru
nsk-basket-cdn-88.geobasket.ru
nsk-basket-cdn-89.geobasket.ru
nsk-basket-cdn-90.geobasket.ru
nsk-basket-cdn-91.geobasket.ru
nsk-basket-cdn-92.geobasket.ru
nsk-basket-cdn-93.geobasket.ru
nsk-basket-cdn-94.geobasket.ru
nsk-basket-cdn-95.geobasket.ru
nsk-basket-cdn-96.geobasket.ru
nsk-basket-cdn-97.geobasket.ru
nsk-basket-cdn-98.geobasket.ru
nsk-basket-cdn-99.geobasket.ru
nsk-basket-cdn-100.geobasket.ru
sam-basket-cdn-01.geobasket.ru
sam-basket-cdn-02.geobasket.ru
sam-basket-cdn-03.geobasket.ru
sam-basket-cdn-04.geobasket.ru
sam-basket-cdn-05.geobasket.ru
sam-basket-cdn-06.geobasket.ru
sam-basket-cdn-07.geobasket.ru
sam-basket-cdn-08.geobasket.ru
sam-basket-cdn-09.geobasket.ru
sam-basket-cdn-10.geobasket.ru
sam-basket-cdn-11.geobasket.ru
sam-basket-cdn-12.geobasket.ru
sam-basket-cdn-13.geobasket.ru
sam-basket-cdn-14.geobasket.ru
sam-basket-cdn-15.geobasket.ru
sam-basket-cdn-16.geobasket.ru
sam-basket-cdn-17.geobasket.ru
sam-basket-cdn-18.geobasket.ru
sam-basket-cdn-19.geobasket.ru
sam-basket-cdn-20.geobasket.ru
sam-basket-cdn-21.geobasket.ru
sam-basket-cdn-22.geobasket.ru
sam-basket-cdn-23.geobasket.ru
sam-basket-cdn-24.geobasket.ru
sam-basket-cdn-25.geobasket.ru
sam-basket-cdn-26.geobasket.ru
sam-basket-cdn-27.geobasket.ru
sam-basket-cdn-28.geobasket.ru
sam-basket-cdn-29.geobasket.ru
sam-basket-cdn-30.geobasket.ru
sam-basket-cdn-31.geobasket.ru
sam-basket-cdn-32.geobasket.ru
sam-basket-cdn-33.geobasket.ru
sam-basket-cdn-34.geobasket.ru
sam-basket-cdn-35.geobasket.ru
sam-basket-cdn-36.geobasket.ru
sam-basket-cdn-37.geobasket.ru
sam-basket-cdn-38.geobasket.ru
sam-basket-cdn-39.geobasket.ru
sam-basket-cdn-40.geobasket.ru
sam-basket-cdn-41.geobasket.ru
sam-basket-cdn-42.geobasket.ru
sam-basket-cdn-43.geobasket.ru
sam-basket-cdn-44.geobasket.ru
sam-basket-cdn-45.geobasket.ru
sam-basket-cdn-46.geobasket.ru
sam-basket-cdn-47.geobasket.ru
sam-basket-cdn-48.geobasket.ru
sam-basket-cdn-49.geobasket.ru
sam-basket-cdn-50.geobasket.ru
sam-basket-cdn-51.geobasket.ru
sam-basket-cdn-52.geobasket.ru
sam-basket-cdn-53.geobasket.ru
sam-basket-cdn-54.geobasket.ru
sam-basket-cdn-55.geobasket.ru
sam-basket-cdn-56.geobasket.ru
sam-basket-cdn-57.geobasket.ru
sam-basket-cdn-58.geobasket.ru
sam-basket-cdn-59.geobasket.ru
sam-basket-cdn-60.geobasket.ru
sam-basket-cdn-61.geobasket.ru
sam-basket-cdn-62.geobasket.ru
sam-basket-cdn-63.geobasket.ru
sam-basket-cdn-64.geobasket.ru
sam-basket-cdn-65.geobasket.ru
sam-basket-cdn-66.geobasket.ru
sam-basket-cdn-67.geobasket.ru
sam-basket-cdn-68.geobasket.ru
sam-basket-cdn-69.geobasket.ru
sam-basket-cdn-70.geobasket.ru
sam-basket-cdn-71.geobasket.ru
sam-basket-cdn-72.geobasket.ru
sam-basket-cdn-73.geobasket.ru
sam-basket-cdn-74.geobasket.ru
sam-basket-cdn-75.geobasket.ru
sam-basket-cdn-76.geobasket.ru
sam-basket-cdn-77.geobasket.ru
sam-basket-cdn-78.geobasket.ru
sam-basket-cdn-79.geobasket.ru
sam-basket-cdn-80.geobasket.ru
sam-basket-cdn-81.geobasket.ru
sam-basket-cdn-82.geobasket.ru
sam-basket-cdn-83.geobasket.ru
sam-basket-cdn-84.geobasket.ru
sam-basket-cdn-85.geobasket.ru
sam-basket-cdn-86.geobasket.ru
sam-basket-cdn-87.geobasket.ru
sam-basket-cdn-88.geobasket.ru
sam-basket-cdn-89.geobasket.ru
sam-basket-cdn-90.geobasket.ru
sam-basket-cdn-91.geobasket.ru
sam-basket-cdn-92.geobasket.ru
sam-basket-cdn-93.geobasket.ru
sam-basket-cdn-94.geobasket.ru
sam-basket-cdn-95.geobasket.ru
sam-basket-cdn-96.geobasket.ru
sam-basket-cdn-97.geobasket.ru
sam-basket-cdn-98.geobasket.ru
sam-basket-cdn-99.geobasket.ru
sam-basket-cdn-100.geobasket.ru
ekt-basket-cdn-01.geobasket.ru
ekt-basket-cdn-02.geobasket.ru
ekt-basket-cdn-03.geobasket.ru
ekt-basket-cdn-04.geobasket.ru
ekt-basket-cdn-05.geobasket.ru
ekt-basket-cdn-06.geobasket.ru
ekt-basket-cdn-07.geobasket.ru
ekt-basket-cdn-08.geobasket.ru
ekt-basket-cdn-09.geobasket.ru
ekt-basket-cdn-10.geobasket.ru
ekt-basket-cdn-11.geobasket.ru
ekt-basket-cdn-12.geobasket.ru
ekt-basket-cdn-13.geobasket.ru
ekt-basket-cdn-14.geobasket.ru
ekt-basket-cdn-15.geobasket.ru
ekt-basket-cdn-16.geobasket.ru
ekt-basket-cdn-17.geobasket.ru
ekt-basket-cdn-18.geobasket.ru
ekt-basket-cdn-19.geobasket.ru
ekt-basket-cdn-20.geobasket.ru
ekt-basket-cdn-21.geobasket.ru
ekt-basket-cdn-22.geobasket.ru
ekt-basket-cdn-23.geobasket.ru
ekt-basket-cdn-24.geobasket.ru
ekt-basket-cdn-25.geobasket.ru
ekt-basket-cdn-26.geobasket.ru
ekt-basket-cdn-27.geobasket.ru
ekt-basket-cdn-28.geobasket.ru
ekt-basket-cdn-29.geobasket.ru
ekt-basket-cdn-30.geobasket.ru
ekt-basket-cdn-31.geobasket.ru
ekt-basket-cdn-32.geobasket.ru
ekt-basket-cdn-33.geobasket.ru
ekt-basket-cdn-34.geobasket.ru
ekt-basket-cdn-35.geobasket.ru
ekt-basket-cdn-36.geobasket.ru
ekt-basket-cdn-37.geobasket.ru
ekt-basket-cdn-38.geobasket.ru
ekt-basket-cdn-39.geobasket.ru
ekt-basket-cdn-40.geobasket.ru
ekt-basket-cdn-41.geobasket.ru
ekt-basket-cdn-42.geobasket.ru
ekt-basket-cdn-43.geobasket.ru
ekt-basket-cdn-44.geobasket.ru
ekt-basket-cdn-45.geobasket.ru
ekt-basket-cdn-46.geobasket.ru
ekt-basket-cdn-47.geobasket.ru
ekt-basket-cdn-48.geobasket.ru
ekt-basket-cdn-49.geobasket.ru
ekt-basket-cdn-50.geobasket.ru
ekt-basket-cdn-51.geobasket.ru
ekt-basket-cdn-52.geobasket.ru
ekt-basket-cdn-53.geobasket.ru
ekt-basket-cdn-54.geobasket.ru
ekt-basket-cdn-55.geobasket.ru
ekt-basket-cdn-56.geobasket.ru
ekt-basket-cdn-57.geobasket.ru
ekt-basket-cdn-58.geobasket.ru
ekt-basket-cdn-59.geobasket.ru
ekt-basket-cdn-60.geobasket.ru
ekt-basket-cdn-61.geobasket.ru
ekt-basket-cdn-62.geobasket.ru
ekt-basket-cdn-63.geobasket.ru
ekt-basket-cdn-64.geobasket.ru
ekt-basket-cdn-65.geobasket.ru
ekt-basket-cdn-66.geobasket.ru
ekt-basket-cdn-67.geobasket.ru
ekt-basket-cdn-68.geobasket.ru
ekt-basket-cdn-69.geobasket.ru
ekt-basket-cdn-70.geobasket.ru
ekt-basket-cdn-71.geobasket.ru
ekt-basket-cdn-72.geobasket.ru
ekt-basket-cdn-73.geobasket.ru
ekt-basket-cdn-74.geobasket.ru
ekt-basket-cdn-75.geobasket.ru
ekt-basket-cdn-76.geobasket.ru
ekt-basket-cdn-77.geobasket.ru
ekt-basket-cdn-78.geobasket.ru
ekt-basket-cdn-79.geobasket.ru
ekt-basket-cdn-80.geobasket.ru
ekt-basket-cdn-81.geobasket.ru
ekt-basket-cdn-82.geobasket.ru
ekt-basket-cdn-83.geobasket.ru
ekt-basket-cdn-84.geobasket.ru
ekt-basket-cdn-85.geobasket.ru
ekt-basket-cdn-86.geobasket.ru
ekt-basket-cdn-87.geobasket.ru
ekt-basket-cdn-88.geobasket.ru
ekt-basket-cdn-89.geobasket.ru
ekt-basket-cdn-90.geobasket.ru
ekt-basket-cdn-91.geobasket.ru
ekt-basket-cdn-92.geobasket.ru
ekt-basket-cdn-93.geobasket.ru
ekt-basket-cdn-94.geobasket.ru
ekt-basket-cdn-95.geobasket.ru
ekt-basket-cdn-96.geobasket.ru
ekt-basket-cdn-97.geobasket.ru
ekt-basket-cdn-98.geobasket.ru
ekt-basket-cdn-99.geobasket.ru
ekt-basket-cdn-100.geobasket.ru
rst-basket-cdn-01.geobasket.ru
rst-basket-cdn-02.geobasket.ru
rst-basket-cdn-03.geobasket.ru
rst-basket-cdn-04.geobasket.ru
rst-basket-cdn-05.geobasket.ru
rst-basket-cdn-06.geobasket.ru
rst-basket-cdn-07.geobasket.ru
rst-basket-cdn-08.geobasket.ru
rst-basket-cdn-09.geobasket.ru
rst-basket-cdn-10.geobasket.ru
rst-basket-cdn-11.geobasket.ru
rst-basket-cdn-12.geobasket.ru
rst-basket-cdn-13.geobasket.ru
rst-basket-cdn-14.geobasket.ru
rst-basket-cdn-15.geobasket.ru
rst-basket-cdn-16.geobasket.ru
rst-basket-cdn-17.geobasket.ru
rst-basket-cdn-18.geobasket.ru
rst-basket-cdn-19.geobasket.ru
rst-basket-cdn-20.geobasket.ru
rst-basket-cdn-21.geobasket.ru
rst-basket-cdn-22.geobasket.ru
rst-basket-cdn-23.geobasket.ru
rst-basket-cdn-24.geobasket.ru
rst-basket-cdn-25.geobasket.ru
rst-basket-cdn-26.geobasket.ru
rst-basket-cdn-27.geobasket.ru
rst-basket-cdn-28.geobasket.ru
rst-basket-cdn-29.geobasket.ru
rst-basket-cdn-30.geobasket.ru
rst-basket-cdn-31.geobasket.ru
rst-basket-cdn-32.geobasket.ru
rst-basket-cdn-33.geobasket.ru
rst-basket-cdn-34.geobasket.ru
rst-basket-cdn-35.geobasket.ru
rst-basket-cdn-36.geobasket.ru
rst-basket-cdn-37.geobasket.ru
rst-basket-cdn-38.geobasket.ru
rst-basket-cdn-39.geobasket.ru
rst-basket-cdn-40.geobasket.ru
rst-basket-cdn-41.geobasket.ru
rst-basket-cdn-42.geobasket.ru
rst-basket-cdn-43.geobasket.ru
rst-basket-cdn-44.geobasket.ru
rst-basket-cdn-45.geobasket.ru
rst-basket-cdn-46.geobasket.ru
rst-basket-cdn-47.geobasket.ru
rst-basket-cdn-48.geobasket.ru
rst-basket-cdn-49.geobasket.ru
rst-basket-cdn-50.geobasket.ru
rst-basket-cdn-51.geobasket.ru
rst-basket-cdn-52.geobasket.ru
rst-basket-cdn-53.geobasket.ru
rst-basket-cdn-54.geobasket.ru
rst-basket-cdn-55.geobasket.ru
rst-basket-cdn-56.geobasket.ru
rst-basket-cdn-57.geobasket.ru
rst-basket-cdn-58.geobasket.ru
rst-basket-cdn-59.geobasket.ru
rst-basket-cdn-60.geobasket.ru
rst-basket-cdn-61.geobasket.ru
rst-basket-cdn-62.geobasket.ru
rst-basket-cdn-63.geobasket.ru
rst-basket-cdn-64.geobasket.ru
rst-basket-cdn-65.geobasket.ru
rst-basket-cdn-66.geobasket.ru
rst-basket-cdn-67.geobasket.ru
rst-basket-cdn-68.geobasket.ru
rst-basket-cdn-69.geobasket.ru
rst-basket-cdn-70.geobasket.ru
rst-basket-cdn-71.geobasket.ru
rst-basket-cdn-72.geobasket.ru
rst-basket-cdn-73.geobasket.ru
rst-basket-cdn-74.geobasket.ru
rst-basket-cdn-75.geobasket.ru
rst-basket-cdn-76.geobasket.ru
rst-basket-cdn-77.geobasket.ru
rst-basket-cdn-78.geobasket.ru
rst-basket-cdn-79.geobasket.ru
rst-basket-cdn-80.geobasket.ru
rst-basket-cdn-81.geobasket.ru
rst-basket-cdn-82.geobasket.ru
rst-basket-cdn-83.geobasket.ru
rst-basket-cdn-84.geobasket.ru
rst-basket-cdn-85.geobasket.ru
rst-basket-cdn-86.geobasket.ru
rst-basket-cdn-87.geobasket.ru
rst-basket-cdn-88.geobasket.ru
rst-basket-cdn-89.geobasket.ru
rst-basket-cdn-90.geobasket.ru
rst-basket-cdn-91.geobasket.ru
rst-basket-cdn-92.geobasket.ru
rst-basket-cdn-93.geobasket.ru
rst-basket-cdn-94.geobasket.ru
rst-basket-cdn-95.geobasket.ru
rst-basket-cdn-96.geobasket.ru
rst-basket-cdn-97.geobasket.ru
rst-basket-cdn-98.geobasket.ru
rst-basket-cdn-99.geobasket.ru
rst-basket-cdn-100.geobasket.ru
